    1  clear
    2  groupadd students
    3  useradd -u 1234 -G students user1
    4  cat /etc/group
    5  cat /etc/passwd
    6  passwd user1
    7  chage -M 90 -W 5 user1
    8  chage -l user1
    9  find / -type f -perm /u=s
   10  cd /root
   11  find / -type f -perm /u=s > Task2_1.txt
   12  cat /root/Task2_1.txt
   13  ps -eo pid,user,ruser,comm | awk '$2 == "root" && $3 != "root"'
   14  ps -eo pid,user,ruser,comm | awk '$2 == "root" && $3 != "root"' > Task2_2.txt
   15  chown root:root ~/home/user1/user_cat
   16  chown root:root /home/user1/user_cat
   17  chmod u+s /home/user1/user_cat
   18  setcap cap_chown+ep /home/user1/user_chown
   19  visudo
   20  history > ~/history.out
    1  passwd
    2  cat /etc/shadow
    3  cp /bin/cat ~/user_cat
    4  ls -l ~/user_cat
    5  ~/user_cat /etc/shadow
    6  touch Task4.txt
    7  chown root:root ~/Task4.txt
    8  cp /bin/chown ~/user_chown
    9  getcap ~/user_chown
   10  ls -l ~/Task4.txt
   11  ~/user_chown root:root ~/Task4.txt
   12  ls -l ~/Task4.txt
   13  date -s "2026-09-12 19:54:40"
   14  sudo date -s "2026-09-12 19:55:05"
   15  history > ~/history.out
