  Файл: /home/user1
  Размер: 4096      	Блоков: 8          Блок В/В: 4096   каталог
Устройство: 8/5	Инода: 262145      Ссылки: 2
Доступ: (0700/drwx------)  Uid: ( 1234/   user1)   Gid: ( 1234/   user1)
Контекст: unconfined_u:object_r:user_home_dir_t:s0
Доступ:        2026-09-12 19:55:47.389184144 +0300
Модифицирован: 2026-09-12 19:56:15.707307163 +0300
Изменён:       2026-09-12 19:56:15.707307163 +0300
Создан:        2026-09-12 19:39:46.198602943 +0300
  Файл: /home/user1/user_cat
  Размер: 36568     	Блоков: 72         Блок В/В: 4096   обычный файл
Устройство: 8/5	Инода: 262149      Ссылки: 1
Доступ: (4755/-rwsr-xr-x)  Uid: (    0/    root)   Gid: (    0/    root)
Контекст: unconfined_u:object_r:user_home_t:s0
Доступ:        2026-09-12 19:48:13.878340134 +0300
Модифицирован: 2026-09-12 19:45:47.053062839 +0300
Изменён:       2026-09-12 19:47:38.351149028 +0300
Создан:        2026-09-12 19:45:47.053062839 +0300
  Файл: /home/user1/user_chown
  Размер: 65840     	Блоков: 144        Блок В/В: 4096   обычный файл
Устройство: 8/5	Инода: 262151      Ссылки: 1
Доступ: (0755/-rwxr-xr-x)  Uid: ( 1234/   user1)   Gid: ( 1234/   user1)
Контекст: unconfined_u:object_r:user_home_t:s0
Доступ:        2026-09-12 19:52:33.165211138 +0300
Модифицирован: 2026-09-12 19:49:57.347917678 +0300
Изменён:       2026-09-12 19:51:12.535157359 +0300
Создан:        2026-09-12 19:49:57.347917678 +0300
